============================= test session starts =============================
platform win32 -- Python 3.13.5, pytest-9.0.2, pluggy-1.6.0 -- d:\Projects\Python\S-Flow\.venv\Scripts\python.exe
cachedir: .pytest_cache
rootdir: D:\Projects\Python\S-Flow
plugins: anyio-4.12.1, cov-7.0.0, mock-3.15.1
collecting ... collected 58 items / 44 deselected / 14 selected

tests/test_core.py::TestApiClient::test_client_initialization_with_keys PASSED [  7%]
tests/test_core.py::TestApiClient::test_client_initialization_without_keys PASSED [ 14%]
tests/test_core.py::TestApiClient::test_transcribe_no_client PASSED      [ 21%]
tests/test_core.py::TestApiClient::test_transcribe_groq_success PASSED   [ 28%]
tests/test_core.py::TestApiClient::test_transcribe_failover_to_openai PASSED [ 35%]
tests/test_core.py::TestApiClient::test_transcribe_openai_auth_error PASSED [ 42%]
tests/test_core.py::TestApiClient::test_transcribe_openai_rate_limit PASSED [ 50%]
tests/test_core.py::TestApiClient::test_correct_text_groq PASSED         [ 57%]
tests/test_core.py::TestApiClientExtended::test_process_text_normal PASSED [ 64%]
tests/test_core.py::TestApiClientExtended::test_process_text_hallucination PASSED [ 71%]
tests/test_core.py::TestApiClientExtended::test_process_text_too_short PASSED [ 78%]
tests/test_core.py::TestApiClientExtended::test_correct_text_no_client PASSED [ 85%]
tests/test_core.py::TestApiClientExtended::test_correct_text_with_context PASSED [ 92%]
tests/test_core.py::TestApiClientExtended::test_correct_text_translation_mode FAILED [100%]

================================== FAILURES ===================================
__________ TestApiClientExtended.test_correct_text_translation_mode ___________

self = <tests.test_core.TestApiClientExtended object at 0x0000027F4E91E470>
mock_openai = <MagicMock name='OpenAI' id='2745816287280'>

    @patch('core.api_client.OpenAI')
    def test_correct_text_translation_mode(self, mock_openai):
        """Test correct_text in translation mode"""
        from core.api_client import ApiClient
    
        mock_client = MagicMock()
        mock_openai.return_value = mock_client
    
        mock_response = MagicMock()
        mock_response.choices[0].message.content = "Translated text"
        mock_response.usage.prompt_tokens = 50
        mock_response.usage.completion_tokens = 20
        mock_client.chat.completions.create.return_value = mock_response
    
        client = ApiClient(openai_key="test-key")
    
        text, usage = client.correct_text(
            "Текст для перевода",
            provider="openai",
            is_translation=True
        )
    
        assert text == "Translated text"
    
        # Verify translation prompt was used
        call_args = mock_client.chat.completions.create.call_args
        messages = call_args.kwargs['messages']
>       assert "переводчик" in messages[0]['content'].lower()
E       AssertionError: assert 'переводчик' in 'correct the text.'
E        +  where 'correct the text.' = <built-in method lower of str object at 0x0000027F4E9A7330>()
E        +    where <built-in method lower of str object at 0x0000027F4E9A7330> = 'Correct the text.'.lower

tests\test_core.py:890: AssertionError
------------------------------ Captured log call ------------------------------
WARNING  core.api_client:api_client.py:301 No system_prompt provided to correct_text, using minimal fallback.
=========================== short test summary info ===========================
FAILED tests/test_core.py::TestApiClientExtended::test_correct_text_translation_mode
================= 1 failed, 13 passed, 44 deselected in 1.50s =================
