============================= test session starts =============================
platform win32 -- Python 3.13.5, pytest-9.0.2, pluggy-1.6.0 -- d:\Projects\Python\S-Flow\.venv\Scripts\python.exe
cachedir: .pytest_cache
rootdir: D:\Projects\Python\S-Flow
plugins: anyio-4.12.1, cov-7.0.0, mock-3.15.1
collecting ... collected 58 items

tests/test_core.py::TestConfig::test_load_settings PASSED                [  1%]
tests/test_core.py::TestConfig::test_load_settings_file_not_found PASSED [  3%]
tests/test_core.py::TestConfig::test_get_model_config PASSED             [  5%]
tests/test_core.py::TestConfig::test_get_model_config_defaults PASSED    [  6%]
tests/test_core.py::TestConfig::test_settings_creation_real PASSED       [  8%]
tests/test_core.py::TestLocaleManager::test_locale_manager_singleton PASSED [ 10%]
tests/test_core.py::TestLocaleManager::test_tr_function PASSED           [ 12%]
tests/test_core.py::TestLocaleManager::test_set_language PASSED          [ 13%]
tests/test_core.py::TestAudioRecorder::test_recorder_initialization PASSED [ 15%]
tests/test_core.py::TestAudioRecorder::test_recorder_initialization_with_on_error PASSED [ 17%]
tests/test_core.py::TestAudioRecorder::test_recorder_custom_parameters PASSED [ 18%]
tests/test_core.py::TestAudioRecorder::test_start_recording PASSED       [ 20%]
tests/test_core.py::TestAudioRecorder::test_stop_recording_returns_list PASSED [ 22%]
tests/test_core.py::TestAudioRecorder::test_stop_recording_no_data PASSED [ 24%]
tests/test_core.py::TestAudioRecorder::test_encode_wav_too_short PASSED  [ 25%]
tests/test_core.py::TestAudioRecorder::test_encode_wav_silence PASSED    [ 27%]
tests/test_core.py::TestAudioRecorder::test_encode_wav_success PASSED    [ 29%]
tests/test_core.py::TestAudioRecorder::test_start_recording_error_with_callback PASSED [ 31%]
tests/test_core.py::TestTextProcessor::test_paste_text PASSED            [ 32%]
tests/test_core.py::TestApiClient::test_client_initialization_with_keys PASSED [ 34%]
tests/test_core.py::TestApiClient::test_client_initialization_without_keys PASSED [ 36%]
tests/test_core.py::TestApiClient::test_transcribe_no_client PASSED      [ 37%]
tests/test_core.py::TestApiClient::test_transcribe_groq_success PASSED   [ 39%]
tests/test_core.py::TestApiClient::test_transcribe_failover_to_openai PASSED [ 41%]
tests/test_core.py::TestApiClient::test_transcribe_openai_auth_error PASSED [ 43%]
tests/test_core.py::TestApiClient::test_transcribe_openai_rate_limit PASSED [ 44%]
tests/test_core.py::TestApiClient::test_correct_text_groq PASSED         [ 46%]
tests/test_core.py::TestExceptions::test_sflow_error_basic PASSED        [ 48%]
tests/test_core.py::TestExceptions::test_sflow_error_with_user_message PASSED [ 50%]
tests/test_core.py::TestExceptions::test_authentication_error PASSED     [ 51%]
tests/test_core.py::TestExceptions::test_transcription_error PASSED      [ 53%]
tests/test_core.py::TestExceptions::test_api_connection_error PASSED     [ 55%]
tests/test_core.py::TestExceptions::test_rate_limit_error PASSED         [ 56%]
tests/test_core.py::TestExceptions::test_audio_recording_error PASSED    [ 58%]
tests/test_core.py::TestExceptions::test_configuration_error PASSED      [ 60%]
tests/test_core.py::TestExceptions::test_hotkey_error PASSED             [ 62%]
tests/test_core.py::TestStatsManager::test_stats_manager_initialization PASSED [ 63%]
tests/test_core.py::TestStatsManager::test_add_usage PASSED              [ 65%]
tests/test_core.py::TestStatsManager::test_calculate_costs PASSED        [ 67%]
tests/test_core.py::TestStatsManager::test_reset_stats PASSED            [ 68%]
tests/test_core.py::TestStatsManager::test_get_pricing_defaults PASSED   [ 70%]
tests/test_core.py::TestConfigExtended::test_get_app_dir_frozen PASSED   [ 72%]
tests/test_core.py::TestConfigExtended::test_get_resource_path_frozen PASSED [ 74%]
tests/test_core.py::TestConfigExtended::test_save_settings_file_success PASSED [ 75%]
tests/test_core.py::TestConfigExtended::test_save_settings_file_error PASSED [ 77%]
tests/test_core.py::TestConfigExtended::test_get_keys PASSED             [ 79%]
tests/test_core.py::TestConfigExtended::test_load_settings_migration PASSED [ 81%]
tests/test_core.py::TestConfigExtended::test_load_settings_error PASSED  [ 82%]
tests/test_core.py::TestApiClientExtended::test_process_text_normal PASSED [ 84%]
tests/test_core.py::TestApiClientExtended::test_process_text_hallucination PASSED [ 86%]
tests/test_core.py::TestApiClientExtended::test_process_text_too_short PASSED [ 87%]
tests/test_core.py::TestApiClientExtended::test_correct_text_no_client PASSED [ 89%]
tests/test_core.py::TestApiClientExtended::test_correct_text_with_context PASSED [ 91%]
tests/test_core.py::TestApiClientExtended::test_correct_text_translation_mode FAILED [ 93%]
tests/test_core.py::TestHotkeyManager::test_hotkey_manager_start PASSED  [ 94%]
tests/test_core.py::TestHotkeyManager::test_hotkey_manager_stop PASSED   [ 96%]
tests/test_core.py::TestHotkeyManager::test_update_hotkey_same PASSED    [ 98%]
tests/test_core.py::TestHotkeyManager::test_update_hotkey_different PASSED [100%]

================================== FAILURES ===================================
__________ TestApiClientExtended.test_correct_text_translation_mode ___________

self = <tests.test_core.TestApiClientExtended object at 0x000001CAF63BE470>
mock_openai = <MagicMock name='OpenAI' id='1971386481840'>

    @patch('core.api_client.OpenAI')
    def test_correct_text_translation_mode(self, mock_openai):
        """Test correct_text in translation mode"""
        from core.api_client import ApiClient
    
        mock_client = MagicMock()
        mock_openai.return_value = mock_client
    
        mock_response = MagicMock()
        mock_response.choices[0].message.content = "Translated text"
        mock_response.usage.prompt_tokens = 50
        mock_response.usage.completion_tokens = 20
        mock_client.chat.completions.create.return_value = mock_response
    
        client = ApiClient(openai_key="test-key")
    
        text, usage = client.correct_text(
            "Текст для перевода",
            provider="openai",
            is_translation=True
        )
    
        assert text == "Translated text"
    
        # Verify translation prompt was used
        call_args = mock_client.chat.completions.create.call_args
        messages = call_args.kwargs['messages']
>       assert "переводчик" in messages[0]['content'].lower()
E       AssertionError: assert 'переводчик' in 'correct the text.'
E        +  where 'correct the text.' = <built-in method lower of str object at 0x000001CAFEE36130>()
E        +    where <built-in method lower of str object at 0x000001CAFEE36130> = 'Correct the text.'.lower

tests\test_core.py:890: AssertionError
------------------------------ Captured log call ------------------------------
WARNING  core.api_client:api_client.py:301 No system_prompt provided to correct_text, using minimal fallback.
=========================== short test summary info ===========================
FAILED tests/test_core.py::TestApiClientExtended::test_correct_text_translation_mode
======================== 1 failed, 57 passed in 1.97s =========================
